[    1154ms] [INFO] %cDownload the React DevTools for a better development experience: https://react.dev/link/react-devtools font-weight:bold @ http://localhost:3000/_next/static/chunks/1e9k_next_dist_1f2ygab._.js:2477
[    1199ms] [LOG] [HMR] connected @ http://localhost:3000/_next/static/chunks/1e9k_next_dist_1f2ygab._.js:2477
[    1512ms] [LOG] [Fast Refresh] rebuilding @ http://localhost:3000/_next/static/chunks/1e9k_next_dist_1f2ygab._.js:2477
[    4299ms] [LOG] [Fast Refresh] done in 2906ms @ http://localhost:3000/_next/static/chunks/1e9k_next_dist_1f2ygab._.js:2477
[  407305ms] [LOG] [HMR] connected @ http://localhost:3000/_next/static/chunks/1e9k_next_dist_1f2ygab._.js:2477
[  413409ms] [INFO] %cDownload the React DevTools for a better development experience: https://react.dev/link/react-devtools font-weight:bold @ http://localhost:3000/_next/static/chunks/1e9k_next_dist_1f2ygab._.js:2477
[  413831ms] [LOG] [HMR] connected @ http://localhost:3000/_next/static/chunks/1e9k_next_dist_1f2ygab._.js:2477
[  525795ms] [LOG] [Fast Refresh] rebuilding @ http://localhost:3000/_next/static/chunks/1e9k_next_dist_1f2ygab._.js:2477
[  525823ms] [LOG] [Fast Refresh] done in 130ms @ http://localhost:3000/_next/static/chunks/1e9k_next_dist_1f2ygab._.js:2477
[  810042ms] [LOG] [Fast Refresh] rebuilding @ http://localhost:3000/_next/static/chunks/1e9k_next_dist_1f2ygab._.js:2477
[  810047ms] [LOG] [Fast Refresh] done in 109ms @ http://localhost:3000/_next/static/chunks/1e9k_next_dist_1f2ygab._.js:2477
[ 1312734ms] [LOG] [Fast Refresh] rebuilding @ http://localhost:3000/_next/static/chunks/1e9k_next_dist_1f2ygab._.js:2477
[ 1316432ms] [LOG] [Fast Refresh] done in 3802ms @ http://localhost:3000/_next/static/chunks/1e9k_next_dist_1f2ygab._.js:2477
[ 1317037ms] [LOG] [Fast Refresh] rebuilding @ http://localhost:3000/_next/static/chunks/1e9k_next_dist_1f2ygab._.js:2477
[ 1317399ms] [LOG] [Fast Refresh] done in 469ms @ http://localhost:3000/_next/static/chunks/1e9k_next_dist_1f2ygab._.js:2477
[ 1317895ms] [LOG] [Fast Refresh] rebuilding @ http://localhost:3000/_next/static/chunks/1e9k_next_dist_1f2ygab._.js:2477
[ 1321528ms] [LOG] [Fast Refresh] done in 3738ms @ http://localhost:3000/_next/static/chunks/1e9k_next_dist_1f2ygab._.js:2477
[ 1322314ms] [LOG] [Fast Refresh] rebuilding @ http://localhost:3000/_next/static/chunks/1e9k_next_dist_1f2ygab._.js:2477
[ 1326148ms] [LOG] [Fast Refresh] done in 3856ms @ http://localhost:3000/_next/static/chunks/1e9k_next_dist_1f2ygab._.js:2477
[ 1327519ms] [LOG] [Fast Refresh] rebuilding @ http://localhost:3000/_next/static/chunks/1e9k_next_dist_1f2ygab._.js:2477
[ 1327723ms] [LOG] [Fast Refresh] done in 312ms @ http://localhost:3000/_next/static/chunks/1e9k_next_dist_1f2ygab._.js:2477
[ 1329855ms] [LOG] [Fast Refresh] rebuilding @ http://localhost:3000/_next/static/chunks/1e9k_next_dist_1f2ygab._.js:2477
[ 1329955ms] [LOG] [Fast Refresh] done in 204ms @ http://localhost:3000/_next/static/chunks/1e9k_next_dist_1f2ygab._.js:2477
