[    1126ms] [INFO] %cDownload the React DevTools for a better development experience: https://react.dev/link/react-devtools font-weight:bold @ http://localhost:3000/_next/static/chunks/1e9k_next_dist_1f2ygab._.js:2477
[    1296ms] [LOG] [HMR] connected @ http://localhost:3000/_next/static/chunks/1e9k_next_dist_1f2ygab._.js:2477
[    1731ms] [LOG] [Fast Refresh] rebuilding @ http://localhost:3000/_next/static/chunks/1e9k_next_dist_1f2ygab._.js:2477
[    4484ms] [LOG] [Fast Refresh] done in 3035ms @ http://localhost:3000/_next/static/chunks/1e9k_next_dist_1f2ygab._.js:2477
[   39082ms] [LOG] [Fast Refresh] rebuilding @ http://localhost:3000/_next/static/chunks/1e9k_next_dist_1f2ygab._.js:2477
[   41870ms] [LOG] [Fast Refresh] done in 2944ms @ http://localhost:3000/_next/static/chunks/1e9k_next_dist_1f2ygab._.js:2477
[   68163ms] [LOG] [Fast Refresh] rebuilding @ http://localhost:3000/_next/static/chunks/1e9k_next_dist_1f2ygab._.js:2477
[   70774ms] [LOG] [Fast Refresh] done in 2715ms @ http://localhost:3000/_next/static/chunks/1e9k_next_dist_1f2ygab._.js:2477
[  177894ms] [LOG] [Fast Refresh] rebuilding @ http://localhost:3000/_next/static/chunks/1e9k_next_dist_1f2ygab._.js:2477
[  180962ms] [LOG] [Fast Refresh] done in 3169ms @ http://localhost:3000/_next/static/chunks/1e9k_next_dist_1f2ygab._.js:2477
[  322065ms] [LOG] [Fast Refresh] rebuilding @ http://localhost:3000/_next/static/chunks/1e9k_next_dist_1f2ygab._.js:2477
[  325062ms] [LOG] [Fast Refresh] done in 3089ms @ http://localhost:3000/_next/static/chunks/1e9k_next_dist_1f2ygab._.js:2477
[  325192ms] [LOG] [Fast Refresh] rebuilding @ http://localhost:3000/_next/static/chunks/1e9k_next_dist_1f2ygab._.js:2477
[  325306ms] [LOG] [Fast Refresh] done in 216ms @ http://localhost:3000/_next/static/chunks/1e9k_next_dist_1f2ygab._.js:2477
[  325426ms] [LOG] [Fast Refresh] rebuilding @ http://localhost:3000/_next/static/chunks/1e9k_next_dist_1f2ygab._.js:2477
[  325714ms] [LOG] [Fast Refresh] done in 389ms @ http://localhost:3000/_next/static/chunks/1e9k_next_dist_1f2ygab._.js:2477
[  327004ms] [LOG] [Fast Refresh] rebuilding @ http://localhost:3000/_next/static/chunks/1e9k_next_dist_1f2ygab._.js:2477
[  327047ms] [LOG] [Fast Refresh] done in 148ms @ http://localhost:3000/_next/static/chunks/1e9k_next_dist_1f2ygab._.js:2477
[  327173ms] [LOG] [Fast Refresh] rebuilding @ http://localhost:3000/_next/static/chunks/1e9k_next_dist_1f2ygab._.js:2477
[  327181ms] [LOG] [Fast Refresh] done in 133ms @ http://localhost:3000/_next/static/chunks/1e9k_next_dist_1f2ygab._.js:2477
[  327530ms] [LOG] [Fast Refresh] rebuilding @ http://localhost:3000/_next/static/chunks/1e9k_next_dist_1f2ygab._.js:2477
[  327571ms] [LOG] [Fast Refresh] done in 149ms @ http://localhost:3000/_next/static/chunks/1e9k_next_dist_1f2ygab._.js:2477
[  327684ms] [LOG] [Fast Refresh] rebuilding @ http://localhost:3000/_next/static/chunks/1e9k_next_dist_1f2ygab._.js:2477
[  327704ms] [LOG] [Fast Refresh] done in 131ms @ http://localhost:3000/_next/static/chunks/1e9k_next_dist_1f2ygab._.js:2477
